15:37:54 Loading model from C:\PROJECTS\Flood Dtection model\Main\app4\.model\Landslide_segment_model.pt
15:37:56 ERROR loading video Landslide.mp4: [Errno 2] No such file or directory: 'C:\\PROJECTS\\Flood Dtection model\\Main\\app4\\.model\\Landslide_segment_model.pt'
15:43:42 Loading model from C:\PROJECTS\Flood Dtection model\.model\Landslide_segment_model.pt
15:43:42 Video loaded: Landslide.mp4 (2732x1440 @ 24.0fps)
15:43:45 Detection: 1 landslide region(s) [79.6%]
15:43:47 Detection: 1 landslide region(s) [83.2%]
15:43:48 Detection: 1 landslide region(s) [75.9%]
15:43:50 Detection: 1 landslide region(s) [69.0%]
15:43:51 Detection: 1 landslide region(s) [79.7%]
15:43:52 Detection: 1 landslide region(s) [74.7%]
15:43:53 Detection: 1 landslide region(s) [67.7%]
15:43:55 Detection: 1 landslide region(s) [83.3%]
15:43:56 Detection: 1 landslide region(s) [78.9%]
15:43:57 Detection: 1 landslide region(s) [65.1%]
15:43:58 Detection: 1 landslide region(s) [69.3%]
15:44:01 Detection: 1 landslide region(s) [65.6%]
15:44:02 Detection: 1 landslide region(s) [62.5%]
15:44:04 Detection: 1 landslide region(s) [59.6%]
15:44:05 Detection: 1 landslide region(s) [50.6%]
15:44:06 Detection: 1 landslide region(s) [54.6%]
15:44:09 Detection: 1 landslide region(s) [49.2%]
15:44:10 Detection: 1 landslide region(s) [58.0%]
15:44:11 Detection: 2 landslide region(s) [35.3%, 56.8%]
15:44:13 Detection: 2 landslide region(s) [48.2%, 75.6%]
15:44:14 Detection: 1 landslide region(s) [78.5%]
15:44:17 Detection: 2 landslide region(s) [40.0%, 81.1%]
15:44:19 Detection: 2 landslide region(s) [45.1%, 76.7%]
15:44:20 Detection: 3 landslide region(s) [56.8%, 54.8%, 80.9%]
15:44:21 Detection: 2 landslide region(s) [42.7%, 72.3%]
15:44:23 Detection: 2 landslide region(s) [43.8%, 69.0%]
15:44:24 Detection: 2 landslide region(s) [43.3%, 76.5%]
15:44:26 Detection: 2 landslide region(s) [60.3%, 74.3%]
15:44:28 Detection: 2 landslide region(s) [59.3%, 47.2%]
15:44:30 Detection: 2 landslide region(s) [61.6%, 37.9%]
15:44:31 Detection: 3 landslide region(s) [60.1%, 38.7%, 60.3%]
15:44:33 Detection: 1 landslide region(s) [61.9%]
15:44:35 Detection: 2 landslide region(s) [41.2%, 35.9%]
15:44:36 Detection: 1 landslide region(s) [51.6%]
15:44:41 Detection: 2 landslide region(s) [55.2%, 44.0%]
15:44:42 Detection: 2 landslide region(s) [63.8%, 38.0%]
15:44:44 no landslide detected
15:44:45 Detection: 2 landslide region(s) [56.8%, 36.9%]
15:44:48 Detection: 1 landslide region(s) [36.5%]
15:44:50 Detection: 1 landslide region(s) [47.8%]
15:44:53 Detection: 1 landslide region(s) [52.2%]
